// Jest Snapshot v1, https://goo.gl/fbAQLP

exports[`returns correct value 1`] = `
Object {
  "type": "REQUEST_FACTS",
}
`;
