// Jest Snapshot v1, https://goo.gl/fbAQLP

exports[`generates correct initial state 1`] = `
Object {
  "facts": Object {
    "isFetching": false,
    "list": Array [],
  },
}
`;
